Archive member included to satisfy reference by file (symbol)

c:/devkitPro/libctru/lib\libctru.a(linear.o)
                              build/kernel.o (linearAlloc)
c:/devkitPro/libctru/lib\libctru.a(mem_pool.o)
                              c:/devkitPro/libctru/lib\libctru.a(linear.o) (MemPool::Allocate(MemChunk&, unsigned long, int))
c:/devkitPro/libctru/lib\libctru.a(os.o)
                              build/kernel.o (osConvertVirtToPhys)
c:/devkitPro/libctru/lib\libctru.a(srv.o)
                              build/kernel_patches.o (srvExit)
c:/devkitPro/libctru/lib\libctru.a(sdmc_dev.o)
                              build/safehax.o (sdmcInit)
c:/devkitPro/libctru/lib\libctru.a(gfx.o)
                              build/safehax.o (gfxInitDefault)
c:/devkitPro/libctru/lib\libctru.a(gx.o)
                              c:/devkitPro/libctru/lib\libctru.a(gfx.o) (gxCmdBuf)
c:/devkitPro/libctru/lib\libctru.a(pm.o)
                              build/safehax.o (pmInit)
c:/devkitPro/libctru/lib\libctru.a(srvpm.o)
                              c:/devkitPro/libctru/lib\libctru.a(srv.o) (srvPmGetSessionHandle)
c:/devkitPro/libctru/lib\libctru.a(gspgpu.o)
                              c:/devkitPro/libctru/lib\libctru.a(gfx.o) (gspInit)
c:/devkitPro/libctru/lib\libctru.a(apt.o)
                              build/safehax.o (aptInit)
c:/devkitPro/libctru/lib\libctru.a(ptmsysm.o)
                              c:/devkitPro/libctru/lib\libctru.a(os.o) (ptmSysmInit)
c:/devkitPro/libctru/lib\libctru.a(fs.o)
                              build/safehax.o (fsInit)
c:/devkitPro/libctru/lib\libctru.a(rbtree_init.o)
                              c:/devkitPro/libctru/lib\libctru.a(linear.o) (rbtree_init)
c:/devkitPro/libctru/lib\libctru.a(rbtree_insert.o)
                              c:/devkitPro/libctru/lib\libctru.a(linear.o) (rbtree_insert)
c:/devkitPro/libctru/lib\libctru.a(rbtree_rotate.o)
                              c:/devkitPro/libctru/lib\libctru.a(rbtree_insert.o) (rbtree_rotate)
c:/devkitPro/libctru/lib\libctru.a(rbtree_remove.o)
                              c:/devkitPro/libctru/lib\libctru.a(linear.o) (rbtree_remove)
c:/devkitPro/libctru/lib\libctru.a(rbtree_find.o)
                              c:/devkitPro/libctru/lib\libctru.a(linear.o) (rbtree_find)
c:/devkitPro/libctru/lib\libctru.a(utf16_to_utf8.o)
                              c:/devkitPro/libctru/lib\libctru.a(sdmc_dev.o) (utf16_to_utf8)
c:/devkitPro/libctru/lib\libctru.a(decode_utf16.o)
                              c:/devkitPro/libctru/lib\libctru.a(utf16_to_utf8.o) (decode_utf16)
c:/devkitPro/libctru/lib\libctru.a(decode_utf8.o)
                              c:/devkitPro/libctru/lib\libctru.a(sdmc_dev.o) (decode_utf8)
c:/devkitPro/libctru/lib\libctru.a(utf8_to_utf16.o)
                              c:/devkitPro/libctru/lib\libctru.a(sdmc_dev.o) (utf8_to_utf16)
c:/devkitPro/libctru/lib\libctru.a(initSystem.o)
                              c:/devkitPro/libctru/lib\libctru.a(apt.o) (__system_retAddr)
c:/devkitPro/libctru/lib\libctru.a(syscalls.o)
                              c:/devkitPro/libctru/lib\libctru.a(initSystem.o) (__system_initSyscalls)
c:/devkitPro/libctru/lib\libctru.a(allocateHeaps.o)
                              build/udsploit.o (__ctru_heap_size)
c:/devkitPro/libctru/lib\libctru.a(initArgv.o)
                              c:/devkitPro/libctru/lib\libctru.a(initSystem.o) (__system_initArgv)
c:/devkitPro/libctru/lib\libctru.a(svc.o)
                              build/udsploit.o (svcControlMemory)
c:/devkitPro/libctru/lib\libctru.a(stack_adjust.o)
                              c:/devkitPro/libctru/lib\libctru.a(syscalls.o) (__ctru_exit)
c:/devkitPro/libctru/lib\libctru.a(readtp.o)
                              c:/devkitPro/libctru/lib\libctru.a(sdmc_dev.o) (__aeabi_read_tp)
c:/devkitPro/libctru/lib\libctru.a(vram.o)
                              c:/devkitPro/libctru/lib\libctru.a(gfx.o) (vramAlloc)
c:/devkitPro/libctru/lib\libctru.a(mappable.o)
                              c:/devkitPro/libctru/lib\libctru.a(gfx.o) (mappableAlloc)
c:/devkitPro/libctru/lib\libctru.a(synchronization.o)
                              c:/devkitPro/libctru/lib\libctru.a(initSystem.o) (__sync_init)
c:/devkitPro/libctru/lib\libctru.a(env.o)
                              c:/devkitPro/libctru/lib\libctru.a(srv.o) (envGetHandle)
c:/devkitPro/libctru/lib\libctru.a(thread.o)
                              c:/devkitPro/libctru/lib\libctru.a(gspgpu.o) (threadCreate)
c:/devkitPro/libctru/lib\libctru.a(rbtree_iterator.o)
                              c:/devkitPro/libctru/lib\libctru.a(rbtree_remove.o) (rbtree_node_next)
c:/devkitPro/libctru/lib\libctru.a(encode_utf16.o)
                              c:/devkitPro/libctru/lib\libctru.a(utf8_to_utf16.o) (encode_utf16)
c:/devkitPro/libctru/lib\libctru.a(encode_utf8.o)
                              c:/devkitPro/libctru/lib\libctru.a(utf16_to_utf8.o) (encode_utf8)
c:/devkitPro/libctru/lib\libctru.a(appInit.o)
                              c:/devkitPro/libctru/lib\libctru.a(stack_adjust.o) (__appInit)
c:/devkitPro/libctru/lib\libctru.a(appExit.o)
                              c:/devkitPro/libctru/lib\libctru.a(stack_adjust.o) (__appExit)
c:/devkitPro/libctru/lib\libctru.a(ctru_exit.o)
                              c:/devkitPro/libctru/lib\libctru.a(stack_adjust.o) (__libctru_exit)
c:/devkitPro/libctru/lib\libctru.a(hid.o)
                              c:/devkitPro/libctru/lib\libctru.a(appExit.o) (hidExit)
c:/devkitPro/libctru/lib\libctru.a(irrst.o)
                              c:/devkitPro/libctru/lib\libctru.a(hid.o) (irrstScanInput)
c:/devkitPro/devkitARM/arm-none-eabi/lib\libc.a(lib_a-bsearch.o)
                              c:/devkitPro/libctru/lib\libctru.a(sdmc_dev.o) (bsearch)
c:/devkitPro/devkitARM/arm-none-eabi/lib\libc.a(lib_a-errno.o)
                              c:/devkitPro/libctru/lib\libctru.a(sdmc_dev.o) (__errno)
c:/devkitPro/devkitARM/arm-none-eabi/lib\libc.a(lib_a-fclose.o)
                              build/safehax.o (fclose)
c:/devkitPro/devkitARM/arm-none-eabi/lib\libc.a(lib_a-fflush.o)
                              c:/devkitPro/devkitARM/arm-none-eabi/lib\libc.a(lib_a-fclose.o) (__sflush_r)
c:/devkitPro/devkitARM/arm-none-eabi/lib\libc.a(lib_a-findfp.o)
                              c:/devkitPro/devkitARM/arm-none-eabi/lib\libc.a(lib_a-fclose.o) (__sinit)
c:/devkitPro/devkitARM/arm-none-eabi/lib\libc.a(lib_a-fini.o)
                              c:/devkitPro/libctru/lib\libctru.a(stack_adjust.o) (__libc_fini_array)
c:/devkitPro/devkitARM/arm-none-eabi/lib\libc.a(lib_a-fopen.o)
                              build/safehax.o (fopen)
c:/devkitPro/devkitARM/arm-none-eabi/lib\libc.a(lib_a-fread.o)
                              build/safehax.o (fread)
c:/devkitPro/devkitARM/arm-none-eabi/lib\libc.a(lib_a-freer.o)
                              c:/devkitPro/devkitARM/arm-none-eabi/lib\libc.a(lib_a-fclose.o) (_free_r)
c:/devkitPro/devkitARM/arm-none-eabi/lib\libc.a(lib_a-fseek.o)
                              c:/devkitPro/devkitARM/arm-none-eabi/lib\libc.a(lib_a-fopen.o) (_fseek_r)
c:/devkitPro/devkitARM/arm-none-eabi/lib\libc.a(lib_a-fseeko.o)
                              c:/devkitPro/devkitARM/arm-none-eabi/lib\libc.a(lib_a-fseek.o) (_fseeko_r)
c:/devkitPro/devkitARM/arm-none-eabi/lib\libc.a(lib_a-ftell.o)
                              build/safehax.o (ftell)
c:/devkitPro/devkitARM/arm-none-eabi/lib\libc.a(lib_a-ftello.o)
                              c:/devkitPro/devkitARM/arm-none-eabi/lib\libc.a(lib_a-ftell.o) (_ftello_r)
c:/devkitPro/devkitARM/arm-none-eabi/lib\libc.a(lib_a-fwalk.o)
                              c:/devkitPro/devkitARM/arm-none-eabi/lib\libc.a(lib_a-findfp.o) (_fwalk)
c:/devkitPro/devkitARM/arm-none-eabi/lib\libc.a(lib_a-impure.o)
                              c:/devkitPro/devkitARM/arm-none-eabi/lib\libc.a(lib_a-fflush.o) (_global_impure_ptr)
c:/devkitPro/devkitARM/arm-none-eabi/lib\libc.a(lib_a-init.o)
                              c:/devkitPro/libctru/lib\libctru.a(stack_adjust.o) (__libc_init_array)
c:/devkitPro/devkitARM/arm-none-eabi/lib\libc.a(lib_a-makebuf.o)
                              c:/devkitPro/devkitARM/arm-none-eabi/lib\libc.a(lib_a-fseeko.o) (__smakebuf_r)
c:/devkitPro/devkitARM/arm-none-eabi/lib\libc.a(lib_a-malign.o)
                              build/safehax.o (memalign)
c:/devkitPro/devkitARM/arm-none-eabi/lib\libc.a(lib_a-malignr.o)
                              c:/devkitPro/devkitARM/arm-none-eabi/lib\libc.a(lib_a-malign.o) (_memalign_r)
c:/devkitPro/devkitARM/arm-none-eabi/lib\libc.a(lib_a-malloc.o)
                              c:/devkitPro/libctru/lib\libctru.a(linear.o) (malloc)
c:/devkitPro/devkitARM/arm-none-eabi/lib\libc.a(lib_a-mallocr.o)
                              c:/devkitPro/devkitARM/arm-none-eabi/lib\libc.a(lib_a-findfp.o) (_malloc_r)
c:/devkitPro/devkitARM/arm-none-eabi/lib\libc.a(lib_a-memcpy-stub.o)
                              build/safehax.o (memcpy)
c:/devkitPro/devkitARM/arm-none-eabi/lib\libc.a(lib_a-memset.o)
                              build/kernel_patches.o (memset)
c:/devkitPro/devkitARM/arm-none-eabi/lib\libc.a(lib_a-mlock.o)
                              c:/devkitPro/devkitARM/arm-none-eabi/lib\libc.a(lib_a-freer.o) (__malloc_lock)
c:/devkitPro/devkitARM/arm-none-eabi/lib\libc.a(lib_a-printf.o)
                              build/kernel.o (printf)
c:/devkitPro/devkitARM/arm-none-eabi/lib\libc.a(lib_a-puts.o)
                              build/kernel.o (puts)
c:/devkitPro/devkitARM/arm-none-eabi/lib\libc.a(lib_a-refill.o)
                              c:/devkitPro/devkitARM/arm-none-eabi/lib\libc.a(lib_a-fread.o) (__srefill_r)
c:/devkitPro/devkitARM/arm-none-eabi/lib\libc.a(lib_a-rewind.o)
                              build/safehax.o (rewind)
c:/devkitPro/devkitARM/arm-none-eabi/lib\libc.a(lib_a-stdio.o)
                              c:/devkitPro/devkitARM/arm-none-eabi/lib\libc.a(lib_a-findfp.o) (__sread)
c:/devkitPro/devkitARM/arm-none-eabi/lib\libc.a(lib_a-strlen-stub.o)
                              c:/devkitPro/libctru/lib\libctru.a(fs.o) (strlen)
c:/devkitPro/devkitARM/arm-none-eabi/lib\libc.a(lib_a-strncat.o)
                              c:/devkitPro/libctru/lib\libctru.a(sdmc_dev.o) (strncat)
c:/devkitPro/devkitARM/arm-none-eabi/lib\libc.a(lib_a-strncpy.o)
                              c:/devkitPro/libctru/lib\libctru.a(srv.o) (strncpy)
c:/devkitPro/devkitARM/arm-none-eabi/lib\libc.a(lib_a-strnlen.o)
                              c:/devkitPro/libctru/lib\libctru.a(srv.o) (strnlen)
c:/devkitPro/devkitARM/arm-none-eabi/lib\libc.a(lib_a-vfprintf.o)
                              c:/devkitPro/devkitARM/arm-none-eabi/lib\libc.a(lib_a-printf.o) (_vfprintf_r)
c:/devkitPro/devkitARM/arm-none-eabi/lib\libc.a(lib_a-wcrtomb.o)
                              c:/devkitPro/devkitARM/arm-none-eabi/lib\libc.a(lib_a-vfprintf.o) (_wcrtomb_r)
c:/devkitPro/devkitARM/arm-none-eabi/lib\libc.a(lib_a-wcsrtombs.o)
                              c:/devkitPro/devkitARM/arm-none-eabi/lib\libc.a(lib_a-vfprintf.o) (_wcsrtombs_r)
c:/devkitPro/devkitARM/arm-none-eabi/lib\libc.a(lib_a-wsetup.o)
                              c:/devkitPro/devkitARM/arm-none-eabi/lib\libc.a(lib_a-vfprintf.o) (__swsetup_r)
c:/devkitPro/devkitARM/arm-none-eabi/lib\libc.a(lib_a-dtoa.o)
                              c:/devkitPro/devkitARM/arm-none-eabi/lib\libc.a(lib_a-vfprintf.o) (_dtoa_r)
c:/devkitPro/devkitARM/arm-none-eabi/lib\libc.a(lib_a-flags.o)
                              c:/devkitPro/devkitARM/arm-none-eabi/lib\libc.a(lib_a-fopen.o) (__sflags)
c:/devkitPro/devkitARM/arm-none-eabi/lib\libc.a(lib_a-fvwrite.o)
                              c:/devkitPro/devkitARM/arm-none-eabi/lib\libc.a(lib_a-puts.o) (__sfvwrite_r)
c:/devkitPro/devkitARM/arm-none-eabi/lib\libc.a(lib_a-localeconv.o)
                              c:/devkitPro/devkitARM/arm-none-eabi/lib\libc.a(lib_a-vfprintf.o) (_localeconv_r)
c:/devkitPro/devkitARM/arm-none-eabi/lib\libc.a(lib_a-locale.o)
                              c:/devkitPro/devkitARM/arm-none-eabi/lib\libc.a(lib_a-vfprintf.o) (__locale_mb_cur_max)
c:/devkitPro/devkitARM/arm-none-eabi/lib\libc.a(lib_a-mbtowc_r.o)
                              c:/devkitPro/devkitARM/arm-none-eabi/lib\libc.a(lib_a-locale.o) (__ascii_mbtowc)
c:/devkitPro/devkitARM/arm-none-eabi/lib\libc.a(lib_a-memchr-stub.o)
                              c:/devkitPro/devkitARM/arm-none-eabi/lib\libc.a(lib_a-vfprintf.o) (memchr)
c:/devkitPro/devkitARM/arm-none-eabi/lib\libc.a(lib_a-memmove.o)
                              c:/devkitPro/devkitARM/arm-none-eabi/lib\libc.a(lib_a-fvwrite.o) (memmove)
c:/devkitPro/devkitARM/arm-none-eabi/lib\libc.a(lib_a-mprec.o)
                              c:/devkitPro/devkitARM/arm-none-eabi/lib\libc.a(lib_a-dtoa.o) (_Balloc)
c:/devkitPro/devkitARM/arm-none-eabi/lib\libc.a(lib_a-reallocr.o)
                              c:/devkitPro/devkitARM/arm-none-eabi/lib\libc.a(lib_a-fvwrite.o) (_realloc_r)
c:/devkitPro/devkitARM/arm-none-eabi/lib\libc.a(lib_a-s_frexp.o)
                              c:/devkitPro/devkitARM/arm-none-eabi/lib\libc.a(lib_a-vfprintf.o) (frexp)
c:/devkitPro/devkitARM/arm-none-eabi/lib\libc.a(lib_a-strcasecmp.o)
                              c:/devkitPro/devkitARM/arm-none-eabi/lib\libc.a(lib_a-locale.o) (strcasecmp)
c:/devkitPro/devkitARM/arm-none-eabi/lib\libc.a(lib_a-strcat.o)
                              c:/devkitPro/devkitARM/arm-none-eabi/lib\libc.a(lib_a-locale.o) (strcat)
c:/devkitPro/devkitARM/arm-none-eabi/lib\libc.a(lib_a-strchr.o)
                              c:/devkitPro/devkitARM/arm-none-eabi/lib\libc.a(lib_a-locale.o) (strchr)
c:/devkitPro/devkitARM/arm-none-eabi/lib\libc.a(lib_a-strcmp.o)
                              c:/devkitPro/devkitARM/arm-none-eabi/lib\libc.a(lib_a-locale.o) (strcmp)
c:/devkitPro/devkitARM/arm-none-eabi/lib\libc.a(lib_a-strcpy.o)
                              c:/devkitPro/devkitARM/arm-none-eabi/lib\libc.a(lib_a-locale.o) (strcpy)
c:/devkitPro/devkitARM/arm-none-eabi/lib\libc.a(lib_a-strlcpy.o)
                              c:/devkitPro/devkitARM/arm-none-eabi/lib\libc.a(lib_a-locale.o) (strlcpy)
c:/devkitPro/devkitARM/arm-none-eabi/lib\libc.a(lib_a-strncasecmp.o)
                              c:/devkitPro/devkitARM/arm-none-eabi/lib\libc.a(lib_a-locale.o) (strncasecmp)
c:/devkitPro/devkitARM/arm-none-eabi/lib\libc.a(lib_a-strncmp.o)
                              c:/devkitPro/devkitARM/arm-none-eabi/lib\libc.a(lib_a-locale.o) (strncmp)
c:/devkitPro/devkitARM/arm-none-eabi/lib\libc.a(lib_a-strtol.o)
                              c:/devkitPro/devkitARM/arm-none-eabi/lib\libc.a(lib_a-locale.o) (strtol)
c:/devkitPro/devkitARM/arm-none-eabi/lib\libc.a(lib_a-svfiprintf.o)
                              c:/devkitPro/devkitARM/arm-none-eabi/lib\libc.a(lib_a-vfprintf.o) (__action_table)
c:/devkitPro/devkitARM/arm-none-eabi/lib\libc.a(lib_a-vfiprintf.o)
                              c:/devkitPro/devkitARM/arm-none-eabi/lib\libc.a(lib_a-vfprintf.o) (__sprint_r)
c:/devkitPro/devkitARM/arm-none-eabi/lib\libc.a(lib_a-wcsnrtombs.o)
                              c:/devkitPro/devkitARM/arm-none-eabi/lib\libc.a(lib_a-wcsrtombs.o) (_wcsnrtombs_r)
c:/devkitPro/devkitARM/arm-none-eabi/lib\libc.a(lib_a-wctomb_r.o)
                              c:/devkitPro/devkitARM/arm-none-eabi/lib\libc.a(lib_a-locale.o) (__ascii_wctomb)
c:/devkitPro/devkitARM/arm-none-eabi/lib\libc.a(lib_a-callocr.o)
                              c:/devkitPro/devkitARM/arm-none-eabi/lib\libc.a(lib_a-mprec.o) (_calloc_r)
c:/devkitPro/devkitARM/arm-none-eabi/lib\libc.a(lib_a-ctype_.o)
                              c:/devkitPro/devkitARM/arm-none-eabi/lib\libc.a(lib_a-locale.o) (__set_ctype)
c:/devkitPro/devkitARM/arm-none-eabi/lib\libc.a(lib_a-getenv_r.o)
                              c:/devkitPro/devkitARM/arm-none-eabi/lib\libc.a(lib_a-locale.o) (_getenv_r)
c:/devkitPro/devkitARM/arm-none-eabi/lib\libc.a(lib_a-environ.o)
                              c:/devkitPro/devkitARM/arm-none-eabi/lib\libc.a(lib_a-getenv_r.o) (environ)
c:/devkitPro/devkitARM/arm-none-eabi/lib\libc.a(lib_a-envlock.o)
                              c:/devkitPro/devkitARM/arm-none-eabi/lib\libc.a(lib_a-getenv_r.o) (__env_lock)
c:/devkitpro/devkitarm/bin/../lib/gcc/arm-none-eabi/7.1.0/armv6k/fpu\libgcc.a(_udivsi3.o)
                              c:/devkitPro/devkitARM/arm-none-eabi/lib\libc.a(lib_a-fread.o) (__aeabi_uidiv)
c:/devkitpro/devkitarm/bin/../lib/gcc/arm-none-eabi/7.1.0/armv6k/fpu\libgcc.a(_divsi3.o)
                              c:/devkitPro/devkitARM/arm-none-eabi/lib\libc.a(lib_a-fvwrite.o) (__aeabi_idiv)
c:/devkitpro/devkitarm/bin/../lib/gcc/arm-none-eabi/7.1.0/armv6k/fpu\libgcc.a(_dvmd_tls.o)
                              c:/devkitpro/devkitarm/bin/../lib/gcc/arm-none-eabi/7.1.0/armv6k/fpu\libgcc.a(_udivsi3.o) (__aeabi_idiv0)
c:/devkitpro/devkitarm/bin/../lib/gcc/arm-none-eabi/7.1.0/armv6k/fpu\libgcc.a(_arm_addsubdf3.o)
                              c:/devkitPro/devkitARM/arm-none-eabi/lib\libc.a(lib_a-vfprintf.o) (__aeabi_dsub)
c:/devkitpro/devkitarm/bin/../lib/gcc/arm-none-eabi/7.1.0/armv6k/fpu\libgcc.a(_arm_muldivdf3.o)
                              c:/devkitPro/devkitARM/arm-none-eabi/lib\libc.a(lib_a-vfprintf.o) (__aeabi_dmul)
c:/devkitpro/devkitarm/bin/../lib/gcc/arm-none-eabi/7.1.0/armv6k/fpu\libgcc.a(_arm_cmpdf2.o)
                              c:/devkitPro/devkitARM/arm-none-eabi/lib\libc.a(lib_a-vfprintf.o) (__aeabi_dcmpeq)
c:/devkitpro/devkitarm/bin/../lib/gcc/arm-none-eabi/7.1.0/armv6k/fpu\libgcc.a(_arm_unorddf2.o)
                              c:/devkitPro/devkitARM/arm-none-eabi/lib\libc.a(lib_a-vfprintf.o) (__aeabi_dcmpun)
c:/devkitpro/devkitarm/bin/../lib/gcc/arm-none-eabi/7.1.0/armv6k/fpu\libgcc.a(_arm_fixdfsi.o)
                              c:/devkitPro/devkitARM/arm-none-eabi/lib\libc.a(lib_a-vfprintf.o) (__aeabi_d2iz)
c:/devkitpro/devkitarm/bin/../lib/gcc/arm-none-eabi/7.1.0/armv6k/fpu\libgcc.a(_aeabi_uldivmod.o)
                              c:/devkitPro/libctru/lib\libctru.a(sdmc_dev.o) (__aeabi_uldivmod)
c:/devkitpro/devkitarm/bin/../lib/gcc/arm-none-eabi/7.1.0/armv6k/fpu\libgcc.a(_udivmoddi4.o)
                              c:/devkitpro/devkitarm/bin/../lib/gcc/arm-none-eabi/7.1.0/armv6k/fpu\libgcc.a(_aeabi_uldivmod.o) (__udivmoddi4)
c:/devkitPro/devkitARM/arm-none-eabi/lib\libsysbase.a(iosupport.o)
                              c:/devkitPro/libctru/lib\libctru.a(sdmc_dev.o) (setDefaultDevice)
c:/devkitPro/devkitARM/arm-none-eabi/lib\libsysbase.a(close.o)
                              c:/devkitPro/devkitARM/arm-none-eabi/lib\libc.a(lib_a-stdio.o) (_close_r)
c:/devkitPro/devkitARM/arm-none-eabi/lib\libsysbase.a(fstat.o)
                              c:/devkitPro/devkitARM/arm-none-eabi/lib\libc.a(lib_a-fseeko.o) (_fstat_r)
c:/devkitPro/devkitARM/arm-none-eabi/lib\libsysbase.a(isatty.o)
                              c:/devkitPro/devkitARM/arm-none-eabi/lib\libc.a(lib_a-makebuf.o) (_isatty_r)
c:/devkitPro/devkitARM/arm-none-eabi/lib\libsysbase.a(lseek.o)
                              c:/devkitPro/devkitARM/arm-none-eabi/lib\libc.a(lib_a-stdio.o) (_lseek_r)
c:/devkitPro/devkitARM/arm-none-eabi/lib\libsysbase.a(open.o)
                              c:/devkitPro/devkitARM/arm-none-eabi/lib\libc.a(lib_a-fopen.o) (_open_r)
c:/devkitPro/devkitARM/arm-none-eabi/lib\libsysbase.a(read.o)
                              c:/devkitPro/devkitARM/arm-none-eabi/lib\libc.a(lib_a-stdio.o) (_read_r)
c:/devkitPro/devkitARM/arm-none-eabi/lib\libsysbase.a(sbrk.o)
                              c:/devkitPro/devkitARM/arm-none-eabi/lib\libc.a(lib_a-freer.o) (_sbrk_r)
c:/devkitPro/devkitARM/arm-none-eabi/lib\libsysbase.a(write.o)
                              c:/devkitPro/devkitARM/arm-none-eabi/lib\libc.a(lib_a-stdio.o) (_write_r)
c:/devkitPro/devkitARM/arm-none-eabi/lib\libsysbase.a(malloc_vars.o)
                              build/udsploit.o (fake_heap_start)
c:/devkitPro/devkitARM/arm-none-eabi/lib\libsysbase.a(chdir.o)
                              c:/devkitPro/libctru/lib\libctru.a(sdmc_dev.o) (chdir)
c:/devkitPro/devkitARM/arm-none-eabi/lib\libsysbase.a(flock.o)
                              c:/devkitPro/devkitARM/arm-none-eabi/lib\libc.a(lib_a-fclose.o) (__flockfile)
c:/devkitPro/devkitARM/arm-none-eabi/lib\libsysbase.a(syscall_support.o)
                              c:/devkitPro/devkitARM/arm-none-eabi/lib\libc.a(lib_a-findfp.o) (__libc_lock_init_recursive)
c:/devkitPro/devkitARM/arm-none-eabi/lib\libsysbase.a(handle_manager.o)
                              c:/devkitPro/devkitARM/arm-none-eabi/lib\libsysbase.a(close.o) (__release_handle)
c:/devkitPro/devkitARM/arm-none-eabi/lib\libsysbase.a(getreent.o)
                              c:/devkitPro/devkitARM/arm-none-eabi/lib\libc.a(lib_a-errno.o) (__getreent)
c:/devkitPro/devkitARM/arm-none-eabi/lib\libg.a(lib_a-strrchr.o)
                              c:/devkitPro/devkitARM/arm-none-eabi/lib\libsysbase.a(chdir.o) (strrchr)

Allocating common symbols
Common symbol       size              file

hidMemHandle        0x4               c:/devkitPro/libctru/lib\libctru.a(hid.o)
hidHandle           0x4               c:/devkitPro/libctru/lib\libctru.a(hid.o)
gfxBottomFramebuffers
                    0x8               c:/devkitPro/libctru/lib\libctru.a(gfx.o)
gspSharedMemHandle  0x4               c:/devkitPro/libctru/lib\libctru.a(gfx.o)
__system_argv       0x4               c:/devkitPro/libctru/lib\libctru.a(initArgv.o)
gspGpuHandle        0x4               c:/devkitPro/libctru/lib\libctru.a(gspgpu.o)
hidSharedMem        0x4               c:/devkitPro/libctru/lib\libctru.a(hid.o)
__system_argc       0x4               c:/devkitPro/libctru/lib\libctru.a(initArgv.o)
bottomFramebufferInfo
                    0x1c              c:/devkitPro/libctru/lib\libctru.a(gfx.o)
irrstHandle         0x4               c:/devkitPro/libctru/lib\libctru.a(irrst.o)
gspEvent            0x4               c:/devkitPro/libctru/lib\libctru.a(gfx.o)
hidEvents           0x14              c:/devkitPro/libctru/lib\libctru.a(hid.o)
__system_retAddr    0x4               c:/devkitPro/libctru/lib\libctru.a(initSystem.o)
__ctru_linear_heap  0x4               c:/devkitPro/libctru/lib\libctru.a(allocateHeaps.o)
irrstEvent          0x4               c:/devkitPro/libctru/lib\libctru.a(irrst.o)
__ctru_heap         0x4               c:/devkitPro/libctru/lib\libctru.a(allocateHeaps.o)
irrstMemHandle      0x4               c:/devkitPro/libctru/lib\libctru.a(irrst.o)
gfxTopLeftFramebuffers
                    0x8               c:/devkitPro/libctru/lib\libctru.a(gfx.o)
gfxTopRightFramebuffers
                    0x8               c:/devkitPro/libctru/lib\libctru.a(gfx.o)
topFramebufferInfo  0x1c              c:/devkitPro/libctru/lib\libctru.a(gfx.o)
gfxThreadID         0x1               c:/devkitPro/libctru/lib\libctru.a(gfx.o)
gfxSharedMemory     0x4               c:/devkitPro/libctru/lib\libctru.a(gfx.o)
gfxTopFramebufferMaxSize
                    0x4               c:/devkitPro/libctru/lib\libctru.a(gfx.o)
irrstSharedMem      0x4               c:/devkitPro/libctru/lib\libctru.a(irrst.o)
gxCmdBuf            0x4               c:/devkitPro/libctru/lib\libctru.a(gx.o)
gfxBottomFramebufferMaxSize
                    0x4               c:/devkitPro/libctru/lib\libctru.a(gfx.o)
